// Jest Snapshot v1, https://goo.gl/fbAQLP

exports[`teste 1`] = `
<body>
  <div>
    <div>
      Component With CSS Module
    </div>
  </div>
</body>
`;
